<?php return array (
  0 => 'Symfony\\Bundle\\FrameworkBundle\\Controller\\AbstractController',
  1 => 'App\\Controller\\AnnonceController',
  2 => 'App\\Controller\\CandidatureController',
  3 => 'App\\Controller\\CategorieController',
  4 => 'App\\Controller\\CommentEventController',
  5 => 'App\\Controller\\CommentsController',
  6 => 'App\\Controller\\EvenementController',
  7 => 'App\\Controller\\FeedbackController',
  8 => 'App\\Controller\\InteractionsController',
  9 => 'App\\Controller\\LabelController',
  10 => 'App\\Controller\\PartenaireController',
  11 => 'App\\Controller\\ParticipantController',
  12 => 'App\\Controller\\PostesController',
  13 => 'App\\Controller\\RatingEventController',
  14 => 'App\\Controller\\RegistrationController',
  15 => 'App\\Controller\\SecurityController',
  16 => 'App\\Controller\\SignalisationController',
  17 => 'App\\Controller\\TypeEventController',
  18 => 'App\\Controller\\UserController',
  19 => 'App\\Entity\\Annonce',
  20 => 'App\\Entity\\Candidature',
  21 => 'App\\Entity\\Categorie',
  22 => 'App\\Entity\\CommentEvent',
  23 => 'App\\Entity\\Comments',
  24 => 'App\\Entity\\Evenement',
  25 => 'App\\Entity\\Feedback',
  26 => 'App\\Entity\\Interactions',
  27 => 'App\\Entity\\Label',
  28 => 'App\\Entity\\Partenaire',
  29 => 'App\\Entity\\Participant',
  30 => 'App\\Entity\\Postes',
  31 => 'App\\Entity\\RatingEvent',
  32 => 'App\\Entity\\Signalisation',
  33 => 'App\\Entity\\TypeEvent',
  34 => 'App\\Entity\\User',
  35 => 'Doctrine\\Bundle\\DoctrineBundle\\Controller\\ProfilerController',
  36 => 'Doctrine\\ORM\\Cache\\Persister\\Entity\\AbstractEntityPersister',
  37 => 'Doctrine\\ORM\\Cache\\Persister\\Entity\\CachedEntityPersister',
  38 => 'Doctrine\\ORM\\Cache\\Persister\\Entity\\NonStrictReadWriteCachedEntityPersister',
  39 => 'Doctrine\\ORM\\Cache\\Persister\\Entity\\ReadOnlyCachedEntityPersister',
  40 => 'Doctrine\\ORM\\Cache\\Persister\\Entity\\ReadWriteCachedEntityPersister',
  41 => 'Doctrine\\ORM\\Persisters\\Entity\\AbstractEntityInheritancePersister',
  42 => 'Doctrine\\ORM\\Persisters\\Entity\\BasicEntityPersister',
  43 => 'Doctrine\\ORM\\Persisters\\Entity\\CachedPersisterContext',
  44 => 'Doctrine\\ORM\\Persisters\\Entity\\EntityPersister',
  45 => 'Doctrine\\ORM\\Persisters\\Entity\\JoinedSubclassPersister',
  46 => 'Doctrine\\ORM\\Persisters\\Entity\\SingleTablePersister',
  47 => 'Endroid\\QrCodeBundle\\Controller\\GenerateController',
  48 => 'Gregwar\\CaptchaBundle\\Controller\\CaptchaController',
  50 => 'Symfony\\Bundle\\FrameworkBundle\\Controller\\ControllerResolver',
  51 => 'Symfony\\Bundle\\FrameworkBundle\\Controller\\RedirectController',
  52 => 'Symfony\\Bundle\\FrameworkBundle\\Controller\\TemplateController',
  53 => 'Symfony\\Bundle\\WebProfilerBundle\\Controller\\ExceptionPanelController',
  54 => 'Symfony\\Bundle\\WebProfilerBundle\\Controller\\ProfilerController',
  55 => 'Symfony\\Bundle\\WebProfilerBundle\\Controller\\RouterController',
  56 => 'Symfony\\Component\\HttpKernel\\Controller\\ArgumentResolver',
  57 => 'Symfony\\Component\\HttpKernel\\Controller\\ArgumentResolverInterface',
  58 => 'Symfony\\Component\\HttpKernel\\Controller\\ArgumentResolver\\DefaultValueResolver',
  59 => 'Symfony\\Component\\HttpKernel\\Controller\\ArgumentResolver\\NotTaggedControllerValueResolver',
  60 => 'Symfony\\Component\\HttpKernel\\Controller\\ArgumentResolver\\RequestAttributeValueResolver',
  61 => 'Symfony\\Component\\HttpKernel\\Controller\\ArgumentResolver\\RequestValueResolver',
  62 => 'Symfony\\Component\\HttpKernel\\Controller\\ArgumentResolver\\ServiceValueResolver',
  63 => 'Symfony\\Component\\HttpKernel\\Controller\\ArgumentResolver\\SessionValueResolver',
  64 => 'Symfony\\Component\\HttpKernel\\Controller\\ArgumentResolver\\TraceableValueResolver',
  65 => 'Symfony\\Component\\HttpKernel\\Controller\\ArgumentResolver\\VariadicValueResolver',
  66 => 'Symfony\\Component\\HttpKernel\\Controller\\ArgumentValueResolverInterface',
  67 => 'Symfony\\Component\\HttpKernel\\Controller\\ContainerControllerResolver',
  68 => 'Symfony\\Component\\HttpKernel\\Controller\\ControllerReference',
  69 => 'Symfony\\Component\\HttpKernel\\Controller\\ControllerResolver',
  70 => 'Symfony\\Component\\HttpKernel\\Controller\\ControllerResolverInterface',
  71 => 'Symfony\\Component\\HttpKernel\\Controller\\ErrorController',
  72 => 'Symfony\\Component\\HttpKernel\\Controller\\TraceableArgumentResolver',
  73 => 'Symfony\\Component\\HttpKernel\\Controller\\TraceableControllerResolver',
  74 => 'Symfony\\Component\\Security\\Http\\Controller\\UserValueResolver',
);